// Jest Snapshot v1, https://goo.gl/fbAQLP

exports[`<Skeleton /> should match the snapshot 1`] = `
<div>
  <span
    class="sc-AxjAm cJEJLq"
  />
</div>
`;
